[2026-08-28 17:32:11] baomigua (697093121879572500) in 生學大象抽(1175052405776318466)#ㄐㄐ人研發兼測試中心暨指令遊樂區:
*ezwordle
discord.ext.commands.errors.CommandNotFound: Command "ezwordle" is not found

------------------------------------------------------------
[2026-08-28 17:32:11] baomigua (697093121879572500) in 生學大象抽(1175052405776318466)#ㄐㄐ人研發兼測試中心暨指令遊樂區:
*ezwordle
discord.ext.commands.errors.CommandNotFound: Command "ezwordle" is not found

------------------------------------------------------------
[2026-08-28 21:19:18] scx.280 (663235667622625325) in 生學大象抽(1175052405776318466)#ㄐㄐ人研發兼測試中心暨指令遊樂區:
*png
discord.ext.commands.errors.CommandNotFound: Command "png" is not found

------------------------------------------------------------
[2026-08-28 21:21:26] scx.280 (663235667622625325) in 生學大象抽(1175052405776318466)#ㄐㄐ人研發兼測試中心暨指令遊樂區:
*reload
Traceback (most recent call last):
  File "C:\Users\opiia\AppData\Local\Programs\Python\Python310\lib\site-packages\discord\ext\commands\bot.py", line 1366, in invoke
    await ctx.command.invoke(ctx)
  File "C:\Users\opiia\AppData\Local\Programs\Python\Python310\lib\site-packages\discord\ext\commands\core.py", line 1021, in invoke
    await self.prepare(ctx)
  File "C:\Users\opiia\AppData\Local\Programs\Python\Python310\lib\site-packages\discord\ext\commands\core.py", line 938, in prepare
    await self._parse_arguments(ctx)
  File "C:\Users\opiia\AppData\Local\Programs\Python\Python310\lib\site-packages\discord\ext\commands\core.py", line 845, in _parse_arguments
    transformed = await self.transform(ctx, param, attachments)
  File "C:\Users\opiia\AppData\Local\Programs\Python\Python310\lib\site-packages\discord\ext\commands\core.py", line 697, in transform
    raise MissingRequiredArgument(param)
discord.ext.commands.errors.MissingRequiredArgument: cog_name is a required argument that is missing.

------------------------------------------------------------
[2026-08-28 21:46:00] scx.280 (663235667622625325) in BOT　　　　　　　　　　　　 TEST(880829629143842857)#一般:
*solveaequation 1 -5 6
discord.ext.commands.errors.CommandNotFound: Command "solveaequation" is not found

------------------------------------------------------------
[2026-08-28 23:08:36] scx.280 (663235667622625325) in 生學大象抽(1175052405776318466)#ㄐㄐ人研發兼測試中心暨指令遊樂區:
*play https://music.youtube.com/playlist?list=OLAK5uy_kV8hvzB9tSsepvnUqKSX9LOJz28GAyPMM&
Traceback (most recent call last):
  File "C:\Users\opiia\AppData\Local\Programs\Python\Python310\lib\site-packages\wavelink\player.py", line 853, in connect
    await self._connection_event.wait()
  File "C:\Users\opiia\AppData\Local\Programs\Python\Python310\lib\asyncio\locks.py", line 214, in wait
    await fut
asyncio.exceptions.CancelledError

During handling of the above exception, another exception occurred:

Traceback (most recent call last):
  File "C:\Users\opiia\AppData\Local\Programs\Python\Python310\lib\site-packages\wavelink\player.py", line 852, in connect
    async with async_timeout.timeout(timeout):
  File "C:\Users\opiia\AppData\Local\Programs\Python\Python310\lib\site-packages\async_timeout\__init__.py", line 179, in __aexit__
    self._do_exit(exc_type)
  File "C:\Users\opiia\AppData\Local\Programs\Python\Python310\lib\site-packages\async_timeout\__init__.py", line 265, in _do_exit
    raise asyncio.TimeoutError
asyncio.exceptions.TimeoutError

During handling of the above exception, another exception occurred:

Traceback (most recent call last):
  File "C:\Users\opiia\AppData\Local\Programs\Python\Python310\lib\site-packages\discord\ext\commands\core.py", line 266, in wrapped
    ret = await coro(*args, **kwargs)
  File "D:\!Docu\discordBot\cogs\music.py", line 60, in play
    player = await ctx.author.voice.channel.connect(cls=wavelink.Player, self_deaf=True)
  File "C:\Users\opiia\AppData\Local\Programs\Python\Python310\lib\site-packages\discord\abc.py", line 2152, in connect
    await voice.connect(timeout=timeout, reconnect=reconnect, self_deaf=self_deaf, self_mute=self_mute)
  File "C:\Users\opiia\AppData\Local\Programs\Python\Python310\lib\site-packages\wavelink\player.py", line 856, in connect
    raise ChannelTimeoutException(msg)
wavelink.exceptions.ChannelTimeoutException: Unable to connect to 聽音樂 as it exceeded the timeout of 30.0 seconds.

------------------------------------------------------------
[2026-08-28 23:10:49] scx.280 (663235667622625325) in 生學大象抽(1175052405776318466)#ㄐㄐ人研發兼測試中心暨指令遊樂區:
*play https://www.youtube.com/playlist?list=OLAK5uy_mUreIv4VhakXAgsuHiUrnWEV6crWYiAtw
Traceback (most recent call last):
  File "C:\Users\opiia\AppData\Local\Programs\Python\Python310\lib\site-packages\wavelink\player.py", line 853, in connect
    await self._connection_event.wait()
  File "C:\Users\opiia\AppData\Local\Programs\Python\Python310\lib\asyncio\locks.py", line 214, in wait
    await fut
asyncio.exceptions.CancelledError

During handling of the above exception, another exception occurred:

Traceback (most recent call last):
  File "C:\Users\opiia\AppData\Local\Programs\Python\Python310\lib\site-packages\wavelink\player.py", line 852, in connect
    async with async_timeout.timeout(timeout):
  File "C:\Users\opiia\AppData\Local\Programs\Python\Python310\lib\site-packages\async_timeout\__init__.py", line 179, in __aexit__
    self._do_exit(exc_type)
  File "C:\Users\opiia\AppData\Local\Programs\Python\Python310\lib\site-packages\async_timeout\__init__.py", line 265, in _do_exit
    raise asyncio.TimeoutError
asyncio.exceptions.TimeoutError

During handling of the above exception, another exception occurred:

Traceback (most recent call last):
  File "C:\Users\opiia\AppData\Local\Programs\Python\Python310\lib\site-packages\discord\ext\commands\core.py", line 266, in wrapped
    ret = await coro(*args, **kwargs)
  File "D:\!Docu\discordBot\cogs\music.py", line 60, in play
    player = await ctx.author.voice.channel.connect(cls=wavelink.Player, self_deaf=True)
  File "C:\Users\opiia\AppData\Local\Programs\Python\Python310\lib\site-packages\discord\abc.py", line 2152, in connect
    await voice.connect(timeout=timeout, reconnect=reconnect, self_deaf=self_deaf, self_mute=self_mute)
  File "C:\Users\opiia\AppData\Local\Programs\Python\Python310\lib\site-packages\wavelink\player.py", line 856, in connect
    raise ChannelTimeoutException(msg)
wavelink.exceptions.ChannelTimeoutException: Unable to connect to 聽音樂 as it exceeded the timeout of 30.0 seconds.

------------------------------------------------------------
[2026-08-28 23:11:24] scx.280 (663235667622625325) in 生學大象抽(1175052405776318466)#ㄐㄐ人研發兼測試中心暨指令遊樂區:
*play https://youtu.be/-ckmtXMWcHE
Traceback (most recent call last):
  File "C:\Users\opiia\AppData\Local\Programs\Python\Python310\lib\site-packages\wavelink\player.py", line 853, in connect
    await self._connection_event.wait()
  File "C:\Users\opiia\AppData\Local\Programs\Python\Python310\lib\asyncio\locks.py", line 214, in wait
    await fut
asyncio.exceptions.CancelledError

During handling of the above exception, another exception occurred:

Traceback (most recent call last):
  File "C:\Users\opiia\AppData\Local\Programs\Python\Python310\lib\site-packages\wavelink\player.py", line 852, in connect
    async with async_timeout.timeout(timeout):
  File "C:\Users\opiia\AppData\Local\Programs\Python\Python310\lib\site-packages\async_timeout\__init__.py", line 179, in __aexit__
    self._do_exit(exc_type)
  File "C:\Users\opiia\AppData\Local\Programs\Python\Python310\lib\site-packages\async_timeout\__init__.py", line 265, in _do_exit
    raise asyncio.TimeoutError
asyncio.exceptions.TimeoutError

During handling of the above exception, another exception occurred:

Traceback (most recent call last):
  File "C:\Users\opiia\AppData\Local\Programs\Python\Python310\lib\site-packages\discord\ext\commands\core.py", line 266, in wrapped
    ret = await coro(*args, **kwargs)
  File "D:\!Docu\discordBot\cogs\music.py", line 60, in play
    player = await ctx.author.voice.channel.connect(cls=wavelink.Player, self_deaf=True)
  File "C:\Users\opiia\AppData\Local\Programs\Python\Python310\lib\site-packages\discord\abc.py", line 2152, in connect
    await voice.connect(timeout=timeout, reconnect=reconnect, self_deaf=self_deaf, self_mute=self_mute)
  File "C:\Users\opiia\AppData\Local\Programs\Python\Python310\lib\site-packages\wavelink\player.py", line 856, in connect
    raise ChannelTimeoutException(msg)
wavelink.exceptions.ChannelTimeoutException: Unable to connect to 聽音樂 as it exceeded the timeout of 30.0 seconds.

------------------------------------------------------------
[2026-08-28 23:11:41] scx.280 (663235667622625325) in 生學大象抽(1175052405776318466)#ㄐㄐ人研發兼測試中心暨指令遊樂區:
*play v
Traceback (most recent call last):
  File "C:\Users\opiia\AppData\Local\Programs\Python\Python310\lib\site-packages\wavelink\player.py", line 853, in connect
    await self._connection_event.wait()
  File "C:\Users\opiia\AppData\Local\Programs\Python\Python310\lib\asyncio\locks.py", line 214, in wait
    await fut
asyncio.exceptions.CancelledError

During handling of the above exception, another exception occurred:

Traceback (most recent call last):
  File "C:\Users\opiia\AppData\Local\Programs\Python\Python310\lib\site-packages\wavelink\player.py", line 852, in connect
    async with async_timeout.timeout(timeout):
  File "C:\Users\opiia\AppData\Local\Programs\Python\Python310\lib\site-packages\async_timeout\__init__.py", line 179, in __aexit__
    self._do_exit(exc_type)
  File "C:\Users\opiia\AppData\Local\Programs\Python\Python310\lib\site-packages\async_timeout\__init__.py", line 265, in _do_exit
    raise asyncio.TimeoutError
asyncio.exceptions.TimeoutError

During handling of the above exception, another exception occurred:

Traceback (most recent call last):
  File "C:\Users\opiia\AppData\Local\Programs\Python\Python310\lib\site-packages\discord\ext\commands\core.py", line 266, in wrapped
    ret = await coro(*args, **kwargs)
  File "D:\!Docu\discordBot\cogs\music.py", line 60, in play
    player = await ctx.author.voice.channel.connect(cls=wavelink.Player, self_deaf=True)
  File "C:\Users\opiia\AppData\Local\Programs\Python\Python310\lib\site-packages\discord\abc.py", line 2152, in connect
    await voice.connect(timeout=timeout, reconnect=reconnect, self_deaf=self_deaf, self_mute=self_mute)
  File "C:\Users\opiia\AppData\Local\Programs\Python\Python310\lib\site-packages\wavelink\player.py", line 856, in connect
    raise ChannelTimeoutException(msg)
wavelink.exceptions.ChannelTimeoutException: Unable to connect to 聽音樂 as it exceeded the timeout of 30.0 seconds.

------------------------------------------------------------
[2026-08-28 23:11:46] scx.280 (663235667622625325) in 生學大象抽(1175052405776318466)#ㄐㄐ人研發兼測試中心暨指令遊樂區:
*play https://www.youtube.com/watch?v=-ckmtXMWcHE
Traceback (most recent call last):
  File "C:\Users\opiia\AppData\Local\Programs\Python\Python310\lib\site-packages\wavelink\player.py", line 853, in connect
    await self._connection_event.wait()
  File "C:\Users\opiia\AppData\Local\Programs\Python\Python310\lib\asyncio\locks.py", line 214, in wait
    await fut
asyncio.exceptions.CancelledError

During handling of the above exception, another exception occurred:

Traceback (most recent call last):
  File "C:\Users\opiia\AppData\Local\Programs\Python\Python310\lib\site-packages\wavelink\player.py", line 852, in connect
    async with async_timeout.timeout(timeout):
  File "C:\Users\opiia\AppData\Local\Programs\Python\Python310\lib\site-packages\async_timeout\__init__.py", line 179, in __aexit__
    self._do_exit(exc_type)
  File "C:\Users\opiia\AppData\Local\Programs\Python\Python310\lib\site-packages\async_timeout\__init__.py", line 265, in _do_exit
    raise asyncio.TimeoutError
asyncio.exceptions.TimeoutError

During handling of the above exception, another exception occurred:

Traceback (most recent call last):
  File "C:\Users\opiia\AppData\Local\Programs\Python\Python310\lib\site-packages\discord\ext\commands\core.py", line 266, in wrapped
    ret = await coro(*args, **kwargs)
  File "D:\!Docu\discordBot\cogs\music.py", line 60, in play
    player = await ctx.author.voice.channel.connect(cls=wavelink.Player, self_deaf=True)
  File "C:\Users\opiia\AppData\Local\Programs\Python\Python310\lib\site-packages\discord\abc.py", line 2152, in connect
    await voice.connect(timeout=timeout, reconnect=reconnect, self_deaf=self_deaf, self_mute=self_mute)
  File "C:\Users\opiia\AppData\Local\Programs\Python\Python310\lib\site-packages\wavelink\player.py", line 856, in connect
    raise ChannelTimeoutException(msg)
wavelink.exceptions.ChannelTimeoutException: Unable to connect to 聽音樂 as it exceeded the timeout of 30.0 seconds.

------------------------------------------------------------
[2026-08-28 23:17:52] scx.280 (663235667622625325) in 生學大象抽(1175052405776318466)#ㄐㄐ人研發兼測試中心暨指令遊樂區:
*play https://youtu.be/YDLafQ-Rg-k
Traceback (most recent call last):
  File "C:\Users\opiia\AppData\Local\Programs\Python\Python310\lib\site-packages\wavelink\player.py", line 853, in connect
    await self._connection_event.wait()
  File "C:\Users\opiia\AppData\Local\Programs\Python\Python310\lib\asyncio\locks.py", line 214, in wait
    await fut
asyncio.exceptions.CancelledError

During handling of the above exception, another exception occurred:

Traceback (most recent call last):
  File "C:\Users\opiia\AppData\Local\Programs\Python\Python310\lib\site-packages\wavelink\player.py", line 852, in connect
    async with async_timeout.timeout(timeout):
  File "C:\Users\opiia\AppData\Local\Programs\Python\Python310\lib\site-packages\async_timeout\__init__.py", line 179, in __aexit__
    self._do_exit(exc_type)
  File "C:\Users\opiia\AppData\Local\Programs\Python\Python310\lib\site-packages\async_timeout\__init__.py", line 265, in _do_exit
    raise asyncio.TimeoutError
asyncio.exceptions.TimeoutError

During handling of the above exception, another exception occurred:

Traceback (most recent call last):
  File "C:\Users\opiia\AppData\Local\Programs\Python\Python310\lib\site-packages\discord\ext\commands\core.py", line 266, in wrapped
    ret = await coro(*args, **kwargs)
  File "D:\!Docu\discordBot\cogs\music.py", line 60, in play
    player = await ctx.author.voice.channel.connect(cls=wavelink.Player, self_deaf=True)
  File "C:\Users\opiia\AppData\Local\Programs\Python\Python310\lib\site-packages\discord\abc.py", line 2152, in connect
    await voice.connect(timeout=timeout, reconnect=reconnect, self_deaf=self_deaf, self_mute=self_mute)
  File "C:\Users\opiia\AppData\Local\Programs\Python\Python310\lib\site-packages\wavelink\player.py", line 856, in connect
    raise ChannelTimeoutException(msg)
wavelink.exceptions.ChannelTimeoutException: Unable to connect to 聽音樂 as it exceeded the timeout of 30.0 seconds.

------------------------------------------------------------
[2026-08-28 23:39:50] scx.280 (663235667622625325) in 生學大象抽(1175052405776318466)#ㄐㄐ人研發兼測試中心暨指令遊樂區:
*play https://youtu.be/ZMN9TFioGyg?si=R6iPmGbgGy-p2UvM
Traceback (most recent call last):
  File "C:\Users\opiia\AppData\Local\Programs\Python\Python310\lib\site-packages\wavelink\player.py", line 853, in connect
    await self._connection_event.wait()
  File "C:\Users\opiia\AppData\Local\Programs\Python\Python310\lib\asyncio\locks.py", line 214, in wait
    await fut
asyncio.exceptions.CancelledError

During handling of the above exception, another exception occurred:

Traceback (most recent call last):
  File "C:\Users\opiia\AppData\Local\Programs\Python\Python310\lib\site-packages\wavelink\player.py", line 852, in connect
    async with async_timeout.timeout(timeout):
  File "C:\Users\opiia\AppData\Local\Programs\Python\Python310\lib\site-packages\async_timeout\__init__.py", line 179, in __aexit__
    self._do_exit(exc_type)
  File "C:\Users\opiia\AppData\Local\Programs\Python\Python310\lib\site-packages\async_timeout\__init__.py", line 265, in _do_exit
    raise asyncio.TimeoutError
asyncio.exceptions.TimeoutError

During handling of the above exception, another exception occurred:

Traceback (most recent call last):
  File "C:\Users\opiia\AppData\Local\Programs\Python\Python310\lib\site-packages\discord\ext\commands\core.py", line 266, in wrapped
    ret = await coro(*args, **kwargs)
  File "D:\!Docu\discordBot\cogs\music.py", line 60, in play
    player = await ctx.author.voice.channel.connect(cls=wavelink.Player, self_deaf=True)
  File "C:\Users\opiia\AppData\Local\Programs\Python\Python310\lib\site-packages\discord\abc.py", line 2152, in connect
    await voice.connect(timeout=timeout, reconnect=reconnect, self_deaf=self_deaf, self_mute=self_mute)
  File "C:\Users\opiia\AppData\Local\Programs\Python\Python310\lib\site-packages\wavelink\player.py", line 856, in connect
    raise ChannelTimeoutException(msg)
wavelink.exceptions.ChannelTimeoutException: Unable to connect to 聽音樂 as it exceeded the timeout of 30.0 seconds.

------------------------------------------------------------
[2026-08-28 23:40:03] scx.280 (663235667622625325) in 生學大象抽(1175052405776318466)#聽音樂:
*play https://youtu.be/ZMN9TFioGyg?si=R6iPmGbgGy-p2UvM
Traceback (most recent call last):
  File "C:\Users\opiia\AppData\Local\Programs\Python\Python310\lib\site-packages\wavelink\player.py", line 853, in connect
    await self._connection_event.wait()
  File "C:\Users\opiia\AppData\Local\Programs\Python\Python310\lib\asyncio\locks.py", line 214, in wait
    await fut
asyncio.exceptions.CancelledError

During handling of the above exception, another exception occurred:

Traceback (most recent call last):
  File "C:\Users\opiia\AppData\Local\Programs\Python\Python310\lib\site-packages\wavelink\player.py", line 852, in connect
    async with async_timeout.timeout(timeout):
  File "C:\Users\opiia\AppData\Local\Programs\Python\Python310\lib\site-packages\async_timeout\__init__.py", line 179, in __aexit__
    self._do_exit(exc_type)
  File "C:\Users\opiia\AppData\Local\Programs\Python\Python310\lib\site-packages\async_timeout\__init__.py", line 265, in _do_exit
    raise asyncio.TimeoutError
asyncio.exceptions.TimeoutError

During handling of the above exception, another exception occurred:

Traceback (most recent call last):
  File "C:\Users\opiia\AppData\Local\Programs\Python\Python310\lib\site-packages\discord\ext\commands\core.py", line 266, in wrapped
    ret = await coro(*args, **kwargs)
  File "D:\!Docu\discordBot\cogs\music.py", line 60, in play
    player = await ctx.author.voice.channel.connect(cls=wavelink.Player, self_deaf=True)
  File "C:\Users\opiia\AppData\Local\Programs\Python\Python310\lib\site-packages\discord\abc.py", line 2152, in connect
    await voice.connect(timeout=timeout, reconnect=reconnect, self_deaf=self_deaf, self_mute=self_mute)
  File "C:\Users\opiia\AppData\Local\Programs\Python\Python310\lib\site-packages\wavelink\player.py", line 856, in connect
    raise ChannelTimeoutException(msg)
wavelink.exceptions.ChannelTimeoutException: Unable to connect to 聽音樂 as it exceeded the timeout of 30.0 seconds.

------------------------------------------------------------
[2026-08-28 23:42:40] baomigua (697093121879572500) in 生學大象抽(1175052405776318466)#聽音樂:
*queue
discord.ext.commands.errors.CommandNotFound: Command "queue" is not found

------------------------------------------------------------
[2026-08-29 13:33:42] baomigua (697093121879572500) in 生學大象抽(1175052405776318466)#ㄐㄐ人研發兼測試中心暨指令遊樂區:
*ezwordle
discord.ext.commands.errors.CommandNotFound: Command "ezwordle" is not found

------------------------------------------------------------
[2026-08-29 13:59:56] scx.280 (663235667622625325) in 生學大象抽(1175052405776318466)#ㄐㄐ人研發兼測試中心暨指令遊樂區:
### h
discord.ext.commands.errors.CommandNotFound: Command "##" is not found

------------------------------------------------------------
[2026-08-29 14:01:04] scx.280 (663235667622625325) in 生學大象抽(1175052405776318466)#ㄐㄐ人研發兼測試中心暨指令遊樂區:
*reload
Traceback (most recent call last):
  File "C:\Users\opiia\AppData\Local\Programs\Python\Python310\lib\site-packages\discord\ext\commands\bot.py", line 1376, in invoke
    await ctx.command.invoke(ctx)
  File "C:\Users\opiia\AppData\Local\Programs\Python\Python310\lib\site-packages\discord\ext\commands\core.py", line 1056, in invoke
    await self.prepare(ctx)
  File "C:\Users\opiia\AppData\Local\Programs\Python\Python310\lib\site-packages\discord\ext\commands\core.py", line 973, in prepare
    await self._parse_arguments(ctx)
  File "C:\Users\opiia\AppData\Local\Programs\Python\Python310\lib\site-packages\discord\ext\commands\core.py", line 880, in _parse_arguments
    transformed = await self.transform(ctx, param, attachments)
  File "C:\Users\opiia\AppData\Local\Programs\Python\Python310\lib\site-packages\discord\ext\commands\core.py", line 732, in transform
    raise MissingRequiredArgument(param)
discord.ext.commands.errors.MissingRequiredArgument: cog_name is a required argument that is missing.

------------------------------------------------------------
[2026-08-29 17:39:28] scx.280 (663235667622625325) in 生學大象抽(1175052405776318466)#ㄐㄐ人研發兼測試中心暨指令遊樂區:
Content: /calendar
Traceback (most recent call last):
  File "C:\Users\opiia\AppData\Local\Programs\Python\Python310\lib\site-packages\discord\app_commands\commands.py", line 858, in _do_call
    return await self._callback(self.binding, interaction, **params)  # type: ignore
  File "D:\!Docu\discordBot\cogs\calender.py", line 45, in calendarhaha
    await interaction.response.send_message(content=f'```\n{description}\n```')
UnboundLocalError: local variable 'description' referenced before assignment

------------------------------------------------------------
[2026-08-31 13:45:30] scx.280 (663235667622625325) in 生學大象抽(1175052405776318466)#ㄐㄐ人研發兼測試中心暨指令遊樂區:
Content: *ezwordle
Traceback (most recent call last):
  File "C:\Users\opiia\AppData\Local\Programs\Python\Python310\lib\site-packages\discord\ext\commands\core.py", line 266, in wrapped
    ret = await coro(*args, **kwargs)
  File "D:\!Docu\discordBot\cogs\ezwordle.py", line 139, in ezwordle_trad
    await ctx.send(embed=self.randomtheWord(threads, ctx.channel).begin_embed())
AttributeError: 'coroutine' object has no attribute 'begin_embed'

------------------------------------------------------------
[2026-08-31 14:11:29] scx.280 (663235667622625325) in 生學大象抽(1175052405776318466)#ㄐㄐ人研發兼測試中心暨指令遊樂區:
Content: *ezwordle
Traceback (most recent call last):
  File "C:\Users\opiia\AppData\Local\Programs\Python\Python310\lib\site-packages\discord\ext\commands\core.py", line 266, in wrapped
    ret = await coro(*args, **kwargs)
  File "D:\!Docu\discordBot\cogs\ezwordle.py", line 143, in ezwordle_trad
    embed, answercount_ramdoned = self.begin_embed(threads, answercount)
  File "D:\!Docu\discordBot\cogs\ezwordle.py", line 64, in begin_embed
    answercount_ramdoned, chance = self.produce_answercount()
TypeError: ezwordle.produce_answercount() takes 0 positional arguments but 1 was given

------------------------------------------------------------
[2026-08-31 16:45:49] scx.280 (663235667622625325) in BOT　　　　　　　　　　　　 TEST(880829629143842857)#一般:
Content: *solve
Traceback (most recent call last):
  File "C:\Users\opiia\AppData\Local\Programs\Python\Python310\lib\site-packages\discord\ext\commands\bot.py", line 1376, in invoke
    await ctx.command.invoke(ctx)
  File "C:\Users\opiia\AppData\Local\Programs\Python\Python310\lib\site-packages\discord\ext\commands\core.py", line 1056, in invoke
    await self.prepare(ctx)
  File "C:\Users\opiia\AppData\Local\Programs\Python\Python310\lib\site-packages\discord\ext\commands\core.py", line 973, in prepare
    await self._parse_arguments(ctx)
  File "C:\Users\opiia\AppData\Local\Programs\Python\Python310\lib\site-packages\discord\ext\commands\core.py", line 880, in _parse_arguments
    transformed = await self.transform(ctx, param, attachments)
  File "C:\Users\opiia\AppData\Local\Programs\Python\Python310\lib\site-packages\discord\ext\commands\core.py", line 732, in transform
    raise MissingRequiredArgument(param)
discord.ext.commands.errors.MissingRequiredArgument: a is a required argument that is missing.

------------------------------------------------------------
[2026-08-31 17:07:32] scx.280 (663235667622625325) in 生學大象抽(1175052405776318466)#ㄐㄐ人研發兼測試中心暨指令遊樂區:
Content: *say
Traceback (most recent call last):
  File "C:\Users\opiia\AppData\Local\Programs\Python\Python310\lib\site-packages\discord\ext\commands\bot.py", line 1376, in invoke
    await ctx.command.invoke(ctx)
  File "C:\Users\opiia\AppData\Local\Programs\Python\Python310\lib\site-packages\discord\ext\commands\core.py", line 1056, in invoke
    await self.prepare(ctx)
  File "C:\Users\opiia\AppData\Local\Programs\Python\Python310\lib\site-packages\discord\ext\commands\core.py", line 973, in prepare
    await self._parse_arguments(ctx)
  File "C:\Users\opiia\AppData\Local\Programs\Python\Python310\lib\site-packages\discord\ext\commands\core.py", line 888, in _parse_arguments
    kwargs[name] = await self.transform(ctx, param, attachments)
  File "C:\Users\opiia\AppData\Local\Programs\Python\Python310\lib\site-packages\discord\ext\commands\core.py", line 732, in transform
    raise MissingRequiredArgument(param)
discord.ext.commands.errors.MissingRequiredArgument: message is a required argument that is missing.

------------------------------------------------------------
[2026-08-31 17:08:15] scx.280 (663235667622625325) in 生學大象抽(1175052405776318466)#ㄐㄐ人研發兼測試中心暨指令遊樂區:
Content: *addEmoji
Traceback (most recent call last):
  File "C:\Users\opiia\AppData\Local\Programs\Python\Python310\lib\site-packages\discord\ext\commands\bot.py", line 1376, in invoke
    await ctx.command.invoke(ctx)
  File "C:\Users\opiia\AppData\Local\Programs\Python\Python310\lib\site-packages\discord\ext\commands\core.py", line 1056, in invoke
    await self.prepare(ctx)
  File "C:\Users\opiia\AppData\Local\Programs\Python\Python310\lib\site-packages\discord\ext\commands\core.py", line 973, in prepare
    await self._parse_arguments(ctx)
  File "C:\Users\opiia\AppData\Local\Programs\Python\Python310\lib\site-packages\discord\ext\commands\core.py", line 880, in _parse_arguments
    transformed = await self.transform(ctx, param, attachments)
  File "C:\Users\opiia\AppData\Local\Programs\Python\Python310\lib\site-packages\discord\ext\commands\core.py", line 732, in transform
    raise MissingRequiredArgument(param)
discord.ext.commands.errors.MissingRequiredArgument: emoji is a required argument that is missing.

------------------------------------------------------------
[2026-08-31 17:08:34] scx.280 (663235667622625325) in 生學大象抽(1175052405776318466)#ㄐㄐ人研發兼測試中心暨指令遊樂區:
Content: *addEmoji 😮 1543910103328231476
Traceback (most recent call last):
  File "C:\Users\opiia\AppData\Local\Programs\Python\Python310\lib\site-packages\discord\ext\commands\bot.py", line 1376, in invoke
    await ctx.command.invoke(ctx)
  File "C:\Users\opiia\AppData\Local\Programs\Python\Python310\lib\site-packages\discord\ext\commands\core.py", line 1056, in invoke
    await self.prepare(ctx)
  File "C:\Users\opiia\AppData\Local\Programs\Python\Python310\lib\site-packages\discord\ext\commands\core.py", line 973, in prepare
    await self._parse_arguments(ctx)
  File "C:\Users\opiia\AppData\Local\Programs\Python\Python310\lib\site-packages\discord\ext\commands\core.py", line 880, in _parse_arguments
    transformed = await self.transform(ctx, param, attachments)
  File "C:\Users\opiia\AppData\Local\Programs\Python\Python310\lib\site-packages\discord\ext\commands\core.py", line 750, in transform
    return await run_converters(ctx, converter, argument, param)  # type: ignore
  File "C:\Users\opiia\AppData\Local\Programs\Python\Python310\lib\site-packages\discord\ext\commands\converter.py", line 1466, in run_converters
    return await _actual_conversion(ctx, converter, argument, param)
  File "C:\Users\opiia\AppData\Local\Programs\Python\Python310\lib\site-packages\discord\ext\commands\converter.py", line 1350, in _actual_conversion
    return await converter().convert(ctx, argument)
  File "C:\Users\opiia\AppData\Local\Programs\Python\Python310\lib\site-packages\discord\ext\commands\converter.py", line 830, in convert
    raise EmojiNotFound(argument)
discord.ext.commands.errors.EmojiNotFound: Emoji "😮" not found.

------------------------------------------------------------
[2026-08-31 17:10:51] scx.280 (663235667622625325) in 生學大象抽(1175052405776318466)#ㄐㄐ人研發兼測試中心暨指令遊樂區:
Content: *addEmoji
Traceback (most recent call last):
  File "C:\Users\opiia\AppData\Local\Programs\Python\Python310\lib\site-packages\discord\ext\commands\bot.py", line 1376, in invoke
    await ctx.command.invoke(ctx)
  File "C:\Users\opiia\AppData\Local\Programs\Python\Python310\lib\site-packages\discord\ext\commands\core.py", line 1056, in invoke
    await self.prepare(ctx)
  File "C:\Users\opiia\AppData\Local\Programs\Python\Python310\lib\site-packages\discord\ext\commands\core.py", line 973, in prepare
    await self._parse_arguments(ctx)
  File "C:\Users\opiia\AppData\Local\Programs\Python\Python310\lib\site-packages\discord\ext\commands\core.py", line 880, in _parse_arguments
    transformed = await self.transform(ctx, param, attachments)
  File "C:\Users\opiia\AppData\Local\Programs\Python\Python310\lib\site-packages\discord\ext\commands\core.py", line 732, in transform
    raise MissingRequiredArgument(param)
discord.ext.commands.errors.MissingRequiredArgument: emoji is a required argument that is missing.

------------------------------------------------------------
[2026-08-31 17:15:42] scx.280 (663235667622625325) in 生學大象抽(1175052405776318466)#ㄐㄐ人研發兼測試中心暨指令遊樂區:
Content: *addEmoji
Traceback (most recent call last):
  File "C:\Users\opiia\AppData\Local\Programs\Python\Python310\lib\site-packages\discord\ext\commands\bot.py", line 1376, in invoke
    await ctx.command.invoke(ctx)
  File "C:\Users\opiia\AppData\Local\Programs\Python\Python310\lib\site-packages\discord\ext\commands\core.py", line 1056, in invoke
    await self.prepare(ctx)
  File "C:\Users\opiia\AppData\Local\Programs\Python\Python310\lib\site-packages\discord\ext\commands\core.py", line 973, in prepare
    await self._parse_arguments(ctx)
  File "C:\Users\opiia\AppData\Local\Programs\Python\Python310\lib\site-packages\discord\ext\commands\core.py", line 880, in _parse_arguments
    transformed = await self.transform(ctx, param, attachments)
  File "C:\Users\opiia\AppData\Local\Programs\Python\Python310\lib\site-packages\discord\ext\commands\core.py", line 732, in transform
    raise MissingRequiredArgument(param)
discord.ext.commands.errors.MissingRequiredArgument: emoji is a required argument that is missing.

------------------------------------------------------------
[2026-08-31 17:22:57] scx.280 (663235667622625325) in 生學大象抽(1175052405776318466)#ㄐㄐ人研發兼測試中心暨指令遊樂區:
Content: *say
Traceback (most recent call last):
  File "C:\Users\opiia\AppData\Local\Programs\Python\Python310\lib\site-packages\discord\ext\commands\bot.py", line 1376, in invoke
    await ctx.command.invoke(ctx)
  File "C:\Users\opiia\AppData\Local\Programs\Python\Python310\lib\site-packages\discord\ext\commands\core.py", line 1056, in invoke
    await self.prepare(ctx)
  File "C:\Users\opiia\AppData\Local\Programs\Python\Python310\lib\site-packages\discord\ext\commands\core.py", line 973, in prepare
    await self._parse_arguments(ctx)
  File "C:\Users\opiia\AppData\Local\Programs\Python\Python310\lib\site-packages\discord\ext\commands\core.py", line 888, in _parse_arguments
    kwargs[name] = await self.transform(ctx, param, attachments)
  File "C:\Users\opiia\AppData\Local\Programs\Python\Python310\lib\site-packages\discord\ext\commands\core.py", line 732, in transform
    raise MissingRequiredArgument(param)
discord.ext.commands.errors.MissingRequiredArgument: message is a required argument that is missing.

------------------------------------------------------------
[2026-08-31 17:26:58] sarsi.salt.ver (669187014138265600) in 生學大象抽(1175052405776318466)#ㄐㄐ人研發兼測試中心暨指令遊樂區:
Content: *say
Traceback (most recent call last):
  File "C:\Users\opiia\AppData\Local\Programs\Python\Python310\lib\site-packages\discord\ext\commands\bot.py", line 1376, in invoke
    await ctx.command.invoke(ctx)
  File "C:\Users\opiia\AppData\Local\Programs\Python\Python310\lib\site-packages\discord\ext\commands\core.py", line 1056, in invoke
    await self.prepare(ctx)
  File "C:\Users\opiia\AppData\Local\Programs\Python\Python310\lib\site-packages\discord\ext\commands\core.py", line 973, in prepare
    await self._parse_arguments(ctx)
  File "C:\Users\opiia\AppData\Local\Programs\Python\Python310\lib\site-packages\discord\ext\commands\core.py", line 888, in _parse_arguments
    kwargs[name] = await self.transform(ctx, param, attachments)
  File "C:\Users\opiia\AppData\Local\Programs\Python\Python310\lib\site-packages\discord\ext\commands\core.py", line 732, in transform
    raise MissingRequiredArgument(param)
discord.ext.commands.errors.MissingRequiredArgument: message is a required argument that is missing.

------------------------------------------------------------
[2026-08-31 17:28:37] sarsi.salt.ver (669187014138265600) in 生學大象抽(1175052405776318466)#ㄐㄐ人研發兼測試中心暨指令遊樂區:
Content: *say
Traceback (most recent call last):
  File "C:\Users\opiia\AppData\Local\Programs\Python\Python310\lib\site-packages\discord\ext\commands\bot.py", line 1376, in invoke
    await ctx.command.invoke(ctx)
  File "C:\Users\opiia\AppData\Local\Programs\Python\Python310\lib\site-packages\discord\ext\commands\core.py", line 1056, in invoke
    await self.prepare(ctx)
  File "C:\Users\opiia\AppData\Local\Programs\Python\Python310\lib\site-packages\discord\ext\commands\core.py", line 973, in prepare
    await self._parse_arguments(ctx)
  File "C:\Users\opiia\AppData\Local\Programs\Python\Python310\lib\site-packages\discord\ext\commands\core.py", line 888, in _parse_arguments
    kwargs[name] = await self.transform(ctx, param, attachments)
  File "C:\Users\opiia\AppData\Local\Programs\Python\Python310\lib\site-packages\discord\ext\commands\core.py", line 732, in transform
    raise MissingRequiredArgument(param)
discord.ext.commands.errors.MissingRequiredArgument: message is a required argument that is missing.

------------------------------------------------------------
[2026-08-31 17:32:08] sarsi.salt.ver (669187014138265600) in 生學大象抽(1175052405776318466)#ㄐㄐ人研發兼測試中心暨指令遊樂區:
Content: *addEmoji 123 456
Traceback (most recent call last):
  File "C:\Users\opiia\AppData\Local\Programs\Python\Python310\lib\site-packages\discord\ext\commands\core.py", line 266, in wrapped
    ret = await coro(*args, **kwargs)
  File "D:\!Docu\discordBot\cogs\other.py", line 25, in add_emoji
    message = await ctx.channel.fetch_message(int(message_id));
  File "C:\Users\opiia\AppData\Local\Programs\Python\Python310\lib\site-packages\discord\abc.py", line 1772, in fetch_message
    data = await self._state.http.get_message(channel.id, id)
  File "C:\Users\opiia\AppData\Local\Programs\Python\Python310\lib\site-packages\discord\http.py", line 774, in request
    raise NotFound(response, data)
discord.errors.NotFound: 404 Not Found (error code: 10008): Unknown Message

------------------------------------------------------------
[2026-08-31 17:32:32] sarsi.salt.ver (669187014138265600) in 生學大象抽(1175052405776318466)#ㄐㄐ人研發兼測試中心暨指令遊樂區:
Content: *addEmoji 123 1543916293697183765
Traceback (most recent call last):
  File "C:\Users\opiia\AppData\Local\Programs\Python\Python310\lib\site-packages\discord\ext\commands\core.py", line 266, in wrapped
    ret = await coro(*args, **kwargs)
  File "D:\!Docu\discordBot\cogs\other.py", line 29, in add_emoji
    await message.add_reaction(emoji);
  File "C:\Users\opiia\AppData\Local\Programs\Python\Python310\lib\site-packages\discord\message.py", line 1543, in add_reaction
    await self._state.http.add_reaction(self.channel.id, self.id, emoji)
  File "C:\Users\opiia\AppData\Local\Programs\Python\Python310\lib\site-packages\discord\http.py", line 778, in request
    raise HTTPException(response, data)
discord.errors.HTTPException: 400 Bad Request (error code: 10014): Unknown Emoji

------------------------------------------------------------
