[2026-08-28 17:53:36] 
(296/5000)這次的答案為 job 
------------------------------------------------------------
[2026-08-28 18:02:10] 
(3701/5000)這次的答案為 lifetime 
------------------------------------------------------------
[2026-08-28 23:53:18] 
(106/5000)這次的答案為 very 
------------------------------------------------------------
[2026-08-29 13:29:44] 
(4465/5000)這次的答案為 logo 
------------------------------------------------------------
[2026-08-29 13:30:46] 
(3959/5000)這次的答案為 luxury 
------------------------------------------------------------
[2026-08-29 13:34:01] 
(484/5000)這次的答案為 turn 
------------------------------------------------------------
[2026-08-29 13:35:24] 
(1617/5000)這次的答案為 sexual 
------------------------------------------------------------
[2026-08-29 13:39:57] 
(4783/5000)這次的答案為 noble 
------------------------------------------------------------
[2026-08-29 13:41:50] 
(2427/5000)這次的答案為 bright 
------------------------------------------------------------
[2026-08-29 13:44:10] 
(4754/5000)這次的答案為 divine 
------------------------------------------------------------
[2026-08-29 13:44:56] 
(4574/5000)這次的答案為 anime 
------------------------------------------------------------
[2026-08-29 13:46:00] 
(2182/5000)這次的答案為 squad 
------------------------------------------------------------
[2026-08-29 13:47:54] 
(3638/5000)這次的答案為 nah 
------------------------------------------------------------
[2026-08-29 13:54:03] 
(1660/5000)這次的答案為 grade 
------------------------------------------------------------
[2026-08-29 15:10:34] 
(3351/5000)這次的答案為 badly 
------------------------------------------------------------
[2026-08-29 17:15:54] 
(1211/5000)這次的答案為 annual 
------------------------------------------------------------
[2026-08-29 17:21:28] 
(660/5000)這次的答案為 player 
------------------------------------------------------------
[2026-08-29 17:31:39] 
(1030/5000)這次的答案為 store 
------------------------------------------------------------
[2026-08-29 17:33:23] 
(4809/5000)這次的答案為 tunnel 
------------------------------------------------------------
[2026-08-31 14:15:05] 
(3736/5000)這次的答案為 amendment 
------------------------------------------------------------
[2026-08-31 14:15:47] 
(1891/5000)這次的答案為 closer 
------------------------------------------------------------
[2026-08-31 14:17:50] 
(3631/5000)這次的答案為 insane 
------------------------------------------------------------
[2026-08-31 14:18:03] 
(4120/5000)這次的答案為 satellite 
------------------------------------------------------------
[2026-08-31 14:19:26] 
(2963/5000)這次的答案為 quote 
------------------------------------------------------------
[2026-08-31 14:21:40] 
(2411/5000)這次的答案為 theme 
------------------------------------------------------------
[2026-08-31 17:37:16] 
(805/5000)這次的答案為 cup 
------------------------------------------------------------
[2026-08-31 17:45:10] 
(3282/5000)這次的答案為 castle 
------------------------------------------------------------
[2026-08-31 17:49:19] 
(4576/5000)這次的答案為 autumn 
------------------------------------------------------------
[2026-09-01 22:22:48] 
(3938/5000)這次的答案為 discount 
------------------------------------------------------------
[2026-09-01 22:31:20] 
(2462/5000)這次的答案為 seek 
------------------------------------------------------------
[2026-09-01 22:32:54] 
(1207/5000)這次的答案為 sister 
------------------------------------------------------------
[2026-09-01 22:33:36] 
(1572/5000)這次的答案為 previously 
------------------------------------------------------------
[2026-09-01 22:49:56] 
(450/5000)這次的答案為 series 
------------------------------------------------------------
[2026-09-01 22:50:36] 
(1944/5000)這次的答案為 hello 
------------------------------------------------------------
[2026-09-01 22:53:21] 
(1986/5000)這次的答案為 boat 
------------------------------------------------------------
[2026-09-01 22:55:55] 
(3927/5000)這次的答案為 breast 
------------------------------------------------------------
[2026-09-01 23:01:16] 
(4278/5000)這次的答案為 triple 
------------------------------------------------------------
[2026-09-01 23:30:13] 
(147/5000)這次的答案為 love 
------------------------------------------------------------
[2026-09-02 23:13:04] 
(3946/5000)這次的答案為 gorgeous 
------------------------------------------------------------
[2026-09-02 23:28:39] 
(3276/5000)這次的答案為 alongside 
------------------------------------------------------------
[2026-09-02 23:31:58] 
(146/5000)這次的答案為 such 
------------------------------------------------------------
[2026-09-02 23:32:52] 
(450/5000)這次的答案為 series 
------------------------------------------------------------
[2026-09-03 00:28:20] 
(205/5000)這次的答案為 family 
------------------------------------------------------------
[2026-09-06 19:30:59] 
(416/5000)這次的答案為 pretty 
------------------------------------------------------------
[2026-09-06 19:41:56] 
(3569/5000)這次的答案為 lowest 
------------------------------------------------------------
[2026-09-06 20:22:43] 
(3281/5000)這次的答案為 bonus 
------------------------------------------------------------
